../Core/Src/tim.c:34:6:MX_TIM2_Init	40	static
../Core/Src/tim.c:74:6:MX_TIM3_Init	56	static
../Core/Src/tim.c:118:6:MX_TIM4_Init	64	static
../Core/Src/tim.c:184:6:MX_TIM5_Init	40	static
../Core/Src/tim.c:224:6:MX_TIM10_Init	8	static
../Core/Src/tim.c:250:6:HAL_TIM_Base_MspInit	32	static
../Core/Src/tim.c:307:6:HAL_TIM_Encoder_MspInit	48	static
../Core/Src/tim.c:344:6:HAL_TIM_MspPostInit	40	static
../Core/Src/tim.c:375:6:HAL_TIM_Base_MspDeInit	16	static
../Core/Src/tim.c:430:6:HAL_TIM_Encoder_MspDeInit	16	static
